mode: set
github.com/pmaojo/n8n-ops/internal/client/demo_client.go:12.40,130.2 2 0
github.com/pmaojo/n8n-ops/internal/client/demo_client.go:132.48,141.2 1 0
github.com/pmaojo/n8n-ops/internal/client/demo_client.go:143.60,145.39 2 0
github.com/pmaojo/n8n-ops/internal/client/demo_client.go:148.2,148.23 1 0
github.com/pmaojo/n8n-ops/internal/client/demo_client.go:145.39,147.3 1 0
github.com/pmaojo/n8n-ops/internal/client/demo_client.go:151.67,153.13 2 0
github.com/pmaojo/n8n-ops/internal/client/demo_client.go:156.2,156.22 1 0
github.com/pmaojo/n8n-ops/internal/client/demo_client.go:153.13,155.3 1 0
github.com/pmaojo/n8n-ops/internal/client/demo_client.go:159.79,168.2 7 0
github.com/pmaojo/n8n-ops/internal/client/demo_client.go:170.90,172.13 2 0
github.com/pmaojo/n8n-ops/internal/client/demo_client.go:176.2,182.22 6 0
github.com/pmaojo/n8n-ops/internal/client/demo_client.go:172.13,174.3 1 0
github.com/pmaojo/n8n-ops/internal/client/demo_client.go:185.72,187.13 2 0
github.com/pmaojo/n8n-ops/internal/client/demo_client.go:191.2,193.22 3 0
github.com/pmaojo/n8n-ops/internal/client/demo_client.go:187.13,189.3 1 0
github.com/pmaojo/n8n-ops/internal/client/demo_client.go:196.74,198.13 2 0
github.com/pmaojo/n8n-ops/internal/client/demo_client.go:202.2,204.22 3 0
github.com/pmaojo/n8n-ops/internal/client/demo_client.go:198.13,200.3 1 0
github.com/pmaojo/n8n-ops/internal/client/demo_client.go:207.57,208.43 1 0
github.com/pmaojo/n8n-ops/internal/client/demo_client.go:212.2,213.12 2 0
github.com/pmaojo/n8n-ops/internal/client/demo_client.go:208.43,210.3 1 0
github.com/pmaojo/n8n-ops/internal/client/demo_client.go:216.48,219.2 1 0
github.com/pmaojo/n8n-ops/internal/client/errors.go:27.35,28.21 1 1
github.com/pmaojo/n8n-ops/internal/client/errors.go:31.2,31.59 1 1
github.com/pmaojo/n8n-ops/internal/client/errors.go:28.21,30.3 1 0
github.com/pmaojo/n8n-ops/internal/client/errors.go:35.60,42.20 2 1
github.com/pmaojo/n8n-ops/internal/client/errors.go:43.27,44.68 1 1
github.com/pmaojo/n8n-ops/internal/client/errors.go:45.31,46.69 1 0
github.com/pmaojo/n8n-ops/internal/client/errors.go:47.29,48.61 1 0
github.com/pmaojo/n8n-ops/internal/client/errors.go:49.38,50.71 1 0
github.com/pmaojo/n8n-ops/internal/client/errors.go:51.10,52.19 1 0
github.com/pmaojo/n8n-ops/internal/client/errors.go:57.49,59.29 2 1
github.com/pmaojo/n8n-ops/internal/client/errors.go:62.2,62.14 1 0
github.com/pmaojo/n8n-ops/internal/client/errors.go:59.29,61.3 1 1
github.com/pmaojo/n8n-ops/internal/client/errors.go:66.33,68.2 1 0
github.com/pmaojo/n8n-ops/internal/client/errors.go:71.37,73.2 1 0
github.com/pmaojo/n8n-ops/internal/client/errors.go:76.35,78.2 1 0
github.com/pmaojo/n8n-ops/internal/client/errors.go:81.36,83.2 1 0
github.com/pmaojo/n8n-ops/internal/client/n8n.go:20.75,21.26 1 1
github.com/pmaojo/n8n-ops/internal/client/n8n.go:24.9,24.25 1 1
github.com/pmaojo/n8n-ops/internal/client/n8n.go:29.9,36.15 3 1
github.com/pmaojo/n8n-ops/internal/client/n8n.go:21.26,23.10 1 1
github.com/pmaojo/n8n-ops/internal/client/n8n.go:24.25,26.10 1 1
github.com/pmaojo/n8n-ops/internal/client/n8n.go:40.53,42.2 1 0
github.com/pmaojo/n8n-ops/internal/client/n8n.go:45.108,50.24 3 1
github.com/pmaojo/n8n-ops/internal/client/n8n.go:59.9,66.24 2 1
github.com/pmaojo/n8n-ops/internal/client/n8n.go:71.9,72.23 2 1
github.com/pmaojo/n8n-ops/internal/client/n8n.go:77.9,77.35 1 0
github.com/pmaojo/n8n-ops/internal/client/n8n.go:82.9,83.31 2 0
github.com/pmaojo/n8n-ops/internal/client/n8n.go:89.9,89.27 1 0
github.com/pmaojo/n8n-ops/internal/client/n8n.go:50.24,53.31 3 1
github.com/pmaojo/n8n-ops/internal/client/n8n.go:53.31,55.18 1 0
github.com/pmaojo/n8n-ops/internal/client/n8n.go:66.24,68.10 1 1
github.com/pmaojo/n8n-ops/internal/client/n8n.go:72.23,74.10 1 1
github.com/pmaojo/n8n-ops/internal/client/n8n.go:77.35,79.10 1 0
github.com/pmaojo/n8n-ops/internal/client/n8n.go:83.31,84.74 1 0
github.com/pmaojo/n8n-ops/internal/client/n8n.go:84.74,86.18 1 0
github.com/pmaojo/n8n-ops/internal/client/n8n.go:93.60,99.23 3 1
github.com/pmaojo/n8n-ops/internal/client/n8n.go:104.9,104.32 1 0
github.com/pmaojo/n8n-ops/internal/client/n8n.go:108.9,108.19 1 0
github.com/pmaojo/n8n-ops/internal/client/n8n.go:99.23,101.10 1 1
github.com/pmaojo/n8n-ops/internal/client/n8n.go:104.32,106.10 1 0
github.com/pmaojo/n8n-ops/internal/client/n8n.go:112.85,118.23 3 1
github.com/pmaojo/n8n-ops/internal/client/n8n.go:122.9,122.30 1 0
github.com/pmaojo/n8n-ops/internal/client/n8n.go:118.23,120.10 1 1
github.com/pmaojo/n8n-ops/internal/client/n8n.go:126.93,127.21 1 0
github.com/pmaojo/n8n-ops/internal/client/n8n.go:131.9,133.23 3 0
github.com/pmaojo/n8n-ops/internal/client/n8n.go:137.9,137.23 1 0
github.com/pmaojo/n8n-ops/internal/client/n8n.go:127.21,129.10 1 0
github.com/pmaojo/n8n-ops/internal/client/n8n.go:133.23,135.10 1 0
github.com/pmaojo/n8n-ops/internal/client/n8n.go:141.108,142.22 1 1
github.com/pmaojo/n8n-ops/internal/client/n8n.go:146.9,147.23 2 1
github.com/pmaojo/n8n-ops/internal/client/n8n.go:151.9,151.27 1 0
github.com/pmaojo/n8n-ops/internal/client/n8n.go:142.22,144.10 1 1
github.com/pmaojo/n8n-ops/internal/client/n8n.go:147.23,149.10 1 1
github.com/pmaojo/n8n-ops/internal/client/n8n.go:155.119,156.34 1 0
github.com/pmaojo/n8n-ops/internal/client/n8n.go:160.9,162.23 3 0
github.com/pmaojo/n8n-ops/internal/client/n8n.go:166.9,166.27 1 0
github.com/pmaojo/n8n-ops/internal/client/n8n.go:156.34,158.10 1 0
github.com/pmaojo/n8n-ops/internal/client/n8n.go:162.23,164.10 1 0
github.com/pmaojo/n8n-ops/internal/client/n8n.go:170.74,171.21 1 0
github.com/pmaojo/n8n-ops/internal/client/n8n.go:175.9,177.23 3 0
github.com/pmaojo/n8n-ops/internal/client/n8n.go:181.9,181.19 1 0
github.com/pmaojo/n8n-ops/internal/client/n8n.go:171.21,173.10 1 0
github.com/pmaojo/n8n-ops/internal/client/n8n.go:177.23,179.10 1 0
github.com/pmaojo/n8n-ops/internal/client/n8n.go:185.104,186.21 1 0
github.com/pmaojo/n8n-ops/internal/client/n8n.go:190.9,192.23 3 0
github.com/pmaojo/n8n-ops/internal/client/n8n.go:196.9,196.27 1 0
github.com/pmaojo/n8n-ops/internal/client/n8n.go:186.21,188.10 1 0
github.com/pmaojo/n8n-ops/internal/client/n8n.go:192.23,194.10 1 0
github.com/pmaojo/n8n-ops/internal/client/n8n.go:200.101,201.21 1 0
github.com/pmaojo/n8n-ops/internal/client/n8n.go:205.9,207.23 3 0
github.com/pmaojo/n8n-ops/internal/client/n8n.go:211.9,211.27 1 0
github.com/pmaojo/n8n-ops/internal/client/n8n.go:201.21,203.10 1 0
github.com/pmaojo/n8n-ops/internal/client/n8n.go:207.23,209.10 1 0
github.com/pmaojo/n8n-ops/internal/client/n8n_client.go:61.62,69.2 1 0
github.com/pmaojo/n8n-ops/internal/client/n8n_client.go:71.104,75.24 3 0
github.com/pmaojo/n8n-ops/internal/client/n8n_client.go:83.9,84.23 2 0
github.com/pmaojo/n8n-ops/internal/client/n8n_client.go:88.9,91.32 3 0
github.com/pmaojo/n8n-ops/internal/client/n8n_client.go:75.24,77.31 2 0
github.com/pmaojo/n8n-ops/internal/client/n8n_client.go:80.17,80.52 1 0
github.com/pmaojo/n8n-ops/internal/client/n8n_client.go:77.31,79.18 1 0
github.com/pmaojo/n8n-ops/internal/client/n8n_client.go:84.23,86.10 1 0
github.com/pmaojo/n8n-ops/internal/client/n8n_client.go:94.48,96.23 2 0
github.com/pmaojo/n8n-ops/internal/client/n8n_client.go:99.9,101.45 2 0
github.com/pmaojo/n8n-ops/internal/client/n8n_client.go:105.9,106.72 2 0
github.com/pmaojo/n8n-ops/internal/client/n8n_client.go:110.9,110.26 1 0
github.com/pmaojo/n8n-ops/internal/client/n8n_client.go:96.23,98.10 1 0
github.com/pmaojo/n8n-ops/internal/client/n8n_client.go:101.45,103.10 1 0
github.com/pmaojo/n8n-ops/internal/client/n8n_client.go:106.72,108.10 1 0
github.com/pmaojo/n8n-ops/internal/client/n8n_client.go:113.60,115.23 2 0
github.com/pmaojo/n8n-ops/internal/client/n8n_client.go:118.9,120.45 2 0
github.com/pmaojo/n8n-ops/internal/client/n8n_client.go:124.9,125.76 2 0
github.com/pmaojo/n8n-ops/internal/client/n8n_client.go:129.9,129.34 1 0
github.com/pmaojo/n8n-ops/internal/client/n8n_client.go:115.23,117.10 1 0
github.com/pmaojo/n8n-ops/internal/client/n8n_client.go:120.45,122.10 1 0
github.com/pmaojo/n8n-ops/internal/client/n8n_client.go:125.76,127.10 1 0
github.com/pmaojo/n8n-ops/internal/client/n8n_client.go:132.67,135.23 3 0
github.com/pmaojo/n8n-ops/internal/client/n8n_client.go:138.9,140.51 2 0
github.com/pmaojo/n8n-ops/internal/client/n8n_client.go:144.9,144.45 1 0
github.com/pmaojo/n8n-ops/internal/client/n8n_client.go:148.9,149.76 2 0
github.com/pmaojo/n8n-ops/internal/client/n8n_client.go:153.9,153.30 1 0
github.com/pmaojo/n8n-ops/internal/client/n8n_client.go:135.23,137.10 1 0
github.com/pmaojo/n8n-ops/internal/client/n8n_client.go:140.51,142.10 1 0
github.com/pmaojo/n8n-ops/internal/client/n8n_client.go:144.45,146.10 1 0
github.com/pmaojo/n8n-ops/internal/client/n8n_client.go:149.76,151.10 1 0
github.com/pmaojo/n8n-ops/internal/client/n8n_client.go:156.79,158.23 2 0
github.com/pmaojo/n8n-ops/internal/client/n8n_client.go:161.9,163.50 2 0
github.com/pmaojo/n8n-ops/internal/client/n8n_client.go:167.9,168.83 2 0
github.com/pmaojo/n8n-ops/internal/client/n8n_client.go:172.9,172.37 1 0
github.com/pmaojo/n8n-ops/internal/client/n8n_client.go:158.23,160.10 1 0
github.com/pmaojo/n8n-ops/internal/client/n8n_client.go:163.50,165.10 1 0
github.com/pmaojo/n8n-ops/internal/client/n8n_client.go:168.83,170.10 1 0
github.com/pmaojo/n8n-ops/internal/client/n8n_client.go:175.90,178.23 3 0
github.com/pmaojo/n8n-ops/internal/client/n8n_client.go:181.9,183.45 2 0
github.com/pmaojo/n8n-ops/internal/client/n8n_client.go:187.9,188.83 2 0
github.com/pmaojo/n8n-ops/internal/client/n8n_client.go:192.9,192.37 1 0
github.com/pmaojo/n8n-ops/internal/client/n8n_client.go:178.23,180.10 1 0
github.com/pmaojo/n8n-ops/internal/client/n8n_client.go:183.45,185.10 1 0
github.com/pmaojo/n8n-ops/internal/client/n8n_client.go:188.83,190.10 1 0
github.com/pmaojo/n8n-ops/internal/client/n8n_client.go:195.72,198.23 3 0
github.com/pmaojo/n8n-ops/internal/client/n8n_client.go:201.9,203.45 2 0
github.com/pmaojo/n8n-ops/internal/client/n8n_client.go:207.9,208.76 2 0
github.com/pmaojo/n8n-ops/internal/client/n8n_client.go:212.9,212.30 1 0
github.com/pmaojo/n8n-ops/internal/client/n8n_client.go:198.23,200.10 1 0
github.com/pmaojo/n8n-ops/internal/client/n8n_client.go:203.45,205.10 1 0
github.com/pmaojo/n8n-ops/internal/client/n8n_client.go:208.76,210.10 1 0
github.com/pmaojo/n8n-ops/internal/client/n8n_client.go:215.74,218.23 3 0
github.com/pmaojo/n8n-ops/internal/client/n8n_client.go:221.9,223.45 2 0
github.com/pmaojo/n8n-ops/internal/client/n8n_client.go:227.9,228.76 2 0
github.com/pmaojo/n8n-ops/internal/client/n8n_client.go:232.9,232.30 1 0
github.com/pmaojo/n8n-ops/internal/client/n8n_client.go:218.23,220.10 1 0
github.com/pmaojo/n8n-ops/internal/client/n8n_client.go:223.45,225.10 1 0
github.com/pmaojo/n8n-ops/internal/client/n8n_client.go:228.76,230.10 1 0
github.com/pmaojo/n8n-ops/internal/client/n8n_client.go:235.57,238.23 3 0
github.com/pmaojo/n8n-ops/internal/client/n8n_client.go:241.9,243.52 2 0
github.com/pmaojo/n8n-ops/internal/client/n8n_client.go:247.9,247.19 1 0
github.com/pmaojo/n8n-ops/internal/client/n8n_client.go:238.23,240.10 1 0
github.com/pmaojo/n8n-ops/internal/client/n8n_client.go:243.52,245.10 1 0
github.com/pmaojo/n8n-ops/internal/client/n8n_client.go:250.48,253.2 2 0
github.com/pmaojo/n8n-ops/internal/client/n8n_client.go:256.85,257.21 1 0
github.com/pmaojo/n8n-ops/internal/client/n8n_client.go:260.9,260.49 1 0
github.com/pmaojo/n8n-ops/internal/client/n8n_client.go:257.21,259.10 1 0
github.com/pmaojo/n8n-ops/internal/client/transport.go:32.99,33.19 1 1
github.com/pmaojo/n8n-ops/internal/client/transport.go:37.2,41.3 1 1
github.com/pmaojo/n8n-ops/internal/client/transport.go:33.19,35.3 1 1
github.com/pmaojo/n8n-ops/internal/client/transport.go:45.39,56.2 1 1
github.com/pmaojo/n8n-ops/internal/client/transport.go:59.69,62.23 2 1
github.com/pmaojo/n8n-ops/internal/client/transport.go:66.2,67.16 2 1
github.com/pmaojo/n8n-ops/internal/client/transport.go:72.2,75.38 2 1
github.com/pmaojo/n8n-ops/internal/client/transport.go:80.2,81.16 2 1
github.com/pmaojo/n8n-ops/internal/client/transport.go:84.2,88.16 3 0
github.com/pmaojo/n8n-ops/internal/client/transport.go:93.2,94.43 2 0
github.com/pmaojo/n8n-ops/internal/client/transport.go:100.2,104.8 1 0
github.com/pmaojo/n8n-ops/internal/client/transport.go:62.23,64.3 1 1
github.com/pmaojo/n8n-ops/internal/client/transport.go:67.16,69.3 1 0
github.com/pmaojo/n8n-ops/internal/client/transport.go:75.38,77.3 1 1
github.com/pmaojo/n8n-ops/internal/client/transport.go:81.16,83.3 1 1
github.com/pmaojo/n8n-ops/internal/client/transport.go:88.16,90.3 1 0
github.com/pmaojo/n8n-ops/internal/client/transport.go:94.43,95.22 1 0
github.com/pmaojo/n8n-ops/internal/client/transport.go:95.22,97.4 1 0
github.com/pmaojo/n8n-ops/internal/client/transport.go:108.70,113.21 3 1
github.com/pmaojo/n8n-ops/internal/client/transport.go:113.21,115.3 1 1
github.com/pmaojo/n8n-ops/internal/client/transport.go:124.95,128.2 1 1
github.com/pmaojo/n8n-ops/internal/client/transport.go:131.99,140.12 3 1
github.com/pmaojo/n8n-ops/internal/client/transport.go:146.2,146.9 1 1
github.com/pmaojo/n8n-ops/internal/client/transport.go:140.12,143.3 2 1
github.com/pmaojo/n8n-ops/internal/client/transport.go:147.25,148.27 1 1
github.com/pmaojo/n8n-ops/internal/client/transport.go:149.20,150.24 1 0
